
Discarded input sections

 .text          0x00000000        0x0 ..\obj\stm32f4xx_usart.o
 .data          0x00000000        0x0 ..\obj\stm32f4xx_usart.o
 .bss           0x00000000        0x0 ..\obj\stm32f4xx_usart.o
 .text.USART_DeInit
                0x00000000       0xd0 ..\obj\stm32f4xx_usart.o
 .text.USART_StructInit
                0x00000000       0x38 ..\obj\stm32f4xx_usart.o
 .text.USART_ClockInit
                0x00000000       0x54 ..\obj\stm32f4xx_usart.o
 .text.USART_ClockStructInit
                0x00000000       0x2c ..\obj\stm32f4xx_usart.o
 .text.USART_SetPrescaler
                0x00000000       0x38 ..\obj\stm32f4xx_usart.o
 .text.USART_OverSampling8Cmd
                0x00000000       0x44 ..\obj\stm32f4xx_usart.o
 .text.USART_OneBitMethodCmd
                0x00000000       0x40 ..\obj\stm32f4xx_usart.o
 .text.USART_ReceiveData
                0x00000000       0x20 ..\obj\stm32f4xx_usart.o
 .text.USART_SetAddress
                0x00000000       0x38 ..\obj\stm32f4xx_usart.o
 .text.USART_ReceiverWakeUpCmd
                0x00000000       0x40 ..\obj\stm32f4xx_usart.o
 .text.USART_WakeUpConfig
                0x00000000       0x38 ..\obj\stm32f4xx_usart.o
 .text.USART_LINBreakDetectLengthConfig
                0x00000000       0x38 ..\obj\stm32f4xx_usart.o
 .text.USART_LINCmd
                0x00000000       0x40 ..\obj\stm32f4xx_usart.o
 .text.USART_SendBreak
                0x00000000       0x24 ..\obj\stm32f4xx_usart.o
 .text.USART_HalfDuplexCmd
                0x00000000       0x40 ..\obj\stm32f4xx_usart.o
 .text.USART_SetGuardTime
                0x00000000       0x3c ..\obj\stm32f4xx_usart.o
 .text.USART_SmartCardCmd
                0x00000000       0x40 ..\obj\stm32f4xx_usart.o
 .text.USART_SmartCardNACKCmd
                0x00000000       0x40 ..\obj\stm32f4xx_usart.o
 .text.USART_IrDAConfig
                0x00000000       0x38 ..\obj\stm32f4xx_usart.o
 .text.USART_IrDACmd
                0x00000000       0x40 ..\obj\stm32f4xx_usart.o
 .text.USART_DMACmd
                0x00000000       0x48 ..\obj\stm32f4xx_usart.o
 .text.USART_ITConfig
                0x00000000       0x90 ..\obj\stm32f4xx_usart.o
 .text.USART_GetITStatus
                0x00000000       0xb0 ..\obj\stm32f4xx_usart.o
 .text.USART_ClearITPendingBit
                0x00000000       0x38 ..\obj\stm32f4xx_usart.o
 .text          0x00000000        0x0 ..\obj\startup_stm32f4xx.o
 .data          0x00000000        0x0 ..\obj\startup_stm32f4xx.o
 .bss           0x00000000        0x0 ..\obj\startup_stm32f4xx.o
 .text          0x00000000        0x0 ..\obj\main.o
 .bss           0x00000000        0x0 ..\obj\main.o
 .text          0x00000000        0x0 ..\obj\stm32f4xx_rcc.o
 .bss           0x00000000        0x0 ..\obj\stm32f4xx_rcc.o
 .text.RCC_DeInit
                0x00000000       0x50 ..\obj\stm32f4xx_rcc.o
 .text.RCC_HSEConfig
                0x00000000       0x24 ..\obj\stm32f4xx_rcc.o
 .text.RCC_WaitForHSEStartUp
                0x00000000       0x50 ..\obj\stm32f4xx_rcc.o
 .text.RCC_AdjustHSICalibrationValue
                0x00000000       0x3c ..\obj\stm32f4xx_rcc.o
 .text.RCC_HSICmd
                0x00000000       0x20 ..\obj\stm32f4xx_rcc.o
 .text.RCC_LSEConfig
                0x00000000       0x40 ..\obj\stm32f4xx_rcc.o
 .text.RCC_LSICmd
                0x00000000       0x20 ..\obj\stm32f4xx_rcc.o
 .text.RCC_PLLConfig
                0x00000000       0x3c ..\obj\stm32f4xx_rcc.o
 .text.RCC_PLLCmd
                0x00000000       0x20 ..\obj\stm32f4xx_rcc.o
 .text.RCC_PLLI2SConfig
                0x00000000       0x28 ..\obj\stm32f4xx_rcc.o
 .text.RCC_PLLI2SCmd
                0x00000000       0x20 ..\obj\stm32f4xx_rcc.o
 .text.RCC_ClockSecuritySystemCmd
                0x00000000       0x20 ..\obj\stm32f4xx_rcc.o
 .text.RCC_MCO1Config
                0x00000000       0x3c ..\obj\stm32f4xx_rcc.o
 .text.RCC_MCO2Config
                0x00000000       0x3c ..\obj\stm32f4xx_rcc.o
 .text.RCC_SYSCLKConfig
                0x00000000       0x38 ..\obj\stm32f4xx_rcc.o
 .text.RCC_GetSYSCLKSource
                0x00000000       0x20 ..\obj\stm32f4xx_rcc.o
 .text.RCC_HCLKConfig
                0x00000000       0x38 ..\obj\stm32f4xx_rcc.o
 .text.RCC_PCLK1Config
                0x00000000       0x38 ..\obj\stm32f4xx_rcc.o
 .text.RCC_PCLK2Config
                0x00000000       0x38 ..\obj\stm32f4xx_rcc.o
 .text.RCC_RTCCLKConfig
                0x00000000       0x5c ..\obj\stm32f4xx_rcc.o
 .text.RCC_RTCCLKCmd
                0x00000000       0x20 ..\obj\stm32f4xx_rcc.o
 .text.RCC_BackupResetCmd
                0x00000000       0x20 ..\obj\stm32f4xx_rcc.o
 .text.RCC_I2SCLKConfig
                0x00000000       0x1c ..\obj\stm32f4xx_rcc.o
 .text.RCC_AHB2PeriphClockCmd
                0x00000000       0x3c ..\obj\stm32f4xx_rcc.o
 .text.RCC_AHB3PeriphClockCmd
                0x00000000       0x3c ..\obj\stm32f4xx_rcc.o
 .text.RCC_APB2PeriphClockCmd
                0x00000000       0x3c ..\obj\stm32f4xx_rcc.o
 .text.RCC_AHB1PeriphResetCmd
                0x00000000       0x3c ..\obj\stm32f4xx_rcc.o
 .text.RCC_AHB2PeriphResetCmd
                0x00000000       0x3c ..\obj\stm32f4xx_rcc.o
 .text.RCC_AHB3PeriphResetCmd
                0x00000000       0x3c ..\obj\stm32f4xx_rcc.o
 .text.RCC_APB1PeriphResetCmd
                0x00000000       0x3c ..\obj\stm32f4xx_rcc.o
 .text.RCC_APB2PeriphResetCmd
                0x00000000       0x3c ..\obj\stm32f4xx_rcc.o
 .text.RCC_AHB1PeriphClockLPModeCmd
                0x00000000       0x3c ..\obj\stm32f4xx_rcc.o
 .text.RCC_AHB2PeriphClockLPModeCmd
                0x00000000       0x3c ..\obj\stm32f4xx_rcc.o
 .text.RCC_AHB3PeriphClockLPModeCmd
                0x00000000       0x3c ..\obj\stm32f4xx_rcc.o
 .text.RCC_APB1PeriphClockLPModeCmd
                0x00000000       0x3c ..\obj\stm32f4xx_rcc.o
 .text.RCC_APB2PeriphClockLPModeCmd
                0x00000000       0x3c ..\obj\stm32f4xx_rcc.o
 .text.RCC_ITConfig
                0x00000000       0x48 ..\obj\stm32f4xx_rcc.o
 .text.RCC_GetFlagStatus
                0x00000000       0x74 ..\obj\stm32f4xx_rcc.o
 .text.RCC_ClearFlag
                0x00000000       0x1c ..\obj\stm32f4xx_rcc.o
 .text.RCC_GetITStatus
                0x00000000       0x38 ..\obj\stm32f4xx_rcc.o
 .text.RCC_ClearITPendingBit
                0x00000000       0x20 ..\obj\stm32f4xx_rcc.o
 .text          0x00000000        0x0 ..\obj\stm32f4xx_gpio.o
 .data          0x00000000        0x0 ..\obj\stm32f4xx_gpio.o
 .bss           0x00000000        0x0 ..\obj\stm32f4xx_gpio.o
 .text.GPIO_DeInit
                0x00000000      0x120 ..\obj\stm32f4xx_gpio.o
 .text.GPIO_StructInit
                0x00000000       0x34 ..\obj\stm32f4xx_gpio.o
 .text.GPIO_PinLockConfig
                0x00000000       0x44 ..\obj\stm32f4xx_gpio.o
 .text.GPIO_ReadInputDataBit
                0x00000000       0x34 ..\obj\stm32f4xx_gpio.o
 .text.GPIO_ReadInputData
                0x00000000       0x1c ..\obj\stm32f4xx_gpio.o
 .text.GPIO_ReadOutputDataBit
                0x00000000       0x34 ..\obj\stm32f4xx_gpio.o
 .text.GPIO_ReadOutputData
                0x00000000       0x1c ..\obj\stm32f4xx_gpio.o
 .text.GPIO_SetBits
                0x00000000       0x1c ..\obj\stm32f4xx_gpio.o
 .text.GPIO_ResetBits
                0x00000000       0x1c ..\obj\stm32f4xx_gpio.o
 .text.GPIO_WriteBit
                0x00000000       0x30 ..\obj\stm32f4xx_gpio.o
 .text.GPIO_Write
                0x00000000       0x1c ..\obj\stm32f4xx_gpio.o
 .text.GPIO_ToggleBits
                0x00000000       0x24 ..\obj\stm32f4xx_gpio.o
 .text          0x00000000        0x0 ..\obj\system_stm32f4xx.o
 .data          0x00000000       0x14 ..\obj\system_stm32f4xx.o
 .bss           0x00000000        0x0 ..\obj\system_stm32f4xx.o
 .text.SystemInit
                0x00000000       0x58 ..\obj\system_stm32f4xx.o
 .text.SystemCoreClockUpdate
                0x00000000       0xf8 ..\obj\system_stm32f4xx.o
 .text.SetSysClock
                0x00000000       0xf4 ..\obj\system_stm32f4xx.o
 .debug_info    0x00000000      0x566 ..\obj\system_stm32f4xx.o
 .debug_abbrev  0x00000000      0x136 ..\obj\system_stm32f4xx.o
 .debug_aranges
                0x00000000       0x30 ..\obj\system_stm32f4xx.o
 .debug_ranges  0x00000000       0x20 ..\obj\system_stm32f4xx.o
 .debug_line    0x00000000      0x175 ..\obj\system_stm32f4xx.o
 .debug_str     0x00000000      0x37e ..\obj\system_stm32f4xx.o
 .comment       0x00000000       0x71 ..\obj\system_stm32f4xx.o
 .ARM.attributes
                0x00000000       0x33 ..\obj\system_stm32f4xx.o
 .debug_frame   0x00000000       0x64 ..\obj\system_stm32f4xx.o

Memory Configuration

Name             Origin             Length             Attributes
rom              0x08000000         0x00100000         xr
ram              0x20000000         0x00020000         xrw
ram1             0x10000000         0x00010000         xrw
*default*        0x00000000         0xffffffff

Linker script and memory map

                0x20020000                _eram = 0x20020000

.text           0x08000000      0x838
 *(.isr_vector .isr_vector.*)
 .isr_vector    0x08000000      0x188 ..\obj\startup_stm32f4xx.o
                0x08000000                g_pfnVectors
 *(.text .text.* .gnu.linkonce.t.*)
 .text.USART_Init
                0x08000188      0x174 ..\obj\stm32f4xx_usart.o
                0x08000188                USART_Init
 .text.USART_Cmd
                0x080002fc       0x40 ..\obj\stm32f4xx_usart.o
                0x080002fc                USART_Cmd
 .text.USART_SendData
                0x0800033c       0x24 ..\obj\stm32f4xx_usart.o
                0x0800033c                USART_SendData
 .text.USART_GetFlagStatus
                0x08000360       0x38 ..\obj\stm32f4xx_usart.o
                0x08000360                USART_GetFlagStatus
 .text.USART_ClearFlag
                0x08000398       0x20 ..\obj\stm32f4xx_usart.o
                0x08000398                USART_ClearFlag
 .text.Default_Reset_Handler
                0x080003b8       0x5c ..\obj\startup_stm32f4xx.o
                0x080003b8                Default_Reset_Handler
                0x080003b8                Reset_Handler
 .text.Default_Handler
                0x08000414        0x8 ..\obj\startup_stm32f4xx.o
                0x08000414                RTC_Alarm_IRQHandler
                0x08000414                HASH_RNG_IRQHandler
                0x08000414                EXTI2_IRQHandler
                0x08000414                TIM8_CC_IRQHandler
                0x08000414                DebugMon_Handler
                0x08000414                TIM1_CC_IRQHandler
                0x08000414                DMA2_Stream5_IRQHandler
                0x08000414                HardFault_Handler
                0x08000414                DMA1_Stream5_IRQHandler
                0x08000414                SysTick_Handler
                0x08000414                PVD_IRQHandler
                0x08000414                SDIO_IRQHandler
                0x08000414                TAMP_STAMP_IRQHandler
                0x08000414                PendSV_Handler
                0x08000414                NMI_Handler
                0x08000414                CAN2_RX1_IRQHandler
                0x08000414                EXTI3_IRQHandler
                0x08000414                TIM8_TRG_COM_TIM14_IRQHandler
                0x08000414                TIM1_UP_TIM10_IRQHandler
                0x08000414                TIM8_UP_TIM13_IRQHandler
                0x08000414                I2C3_ER_IRQHandler
                0x08000414                EXTI0_IRQHandler
                0x08000414                I2C2_EV_IRQHandler
                0x08000414                DMA1_Stream2_IRQHandler
                0x08000414                CAN1_RX0_IRQHandler
                0x08000414                FPU_IRQHandler
                0x08000414                OTG_HS_WKUP_IRQHandler
                0x08000414                UsageFault_Handler
                0x08000414                CAN2_SCE_IRQHandler
                0x08000414                DMA2_Stream2_IRQHandler
                0x08000414                SPI1_IRQHandler
                0x08000414                TIM6_DAC_IRQHandler
                0x08000414                TIM1_BRK_TIM9_IRQHandler
                0x08000414                DCMI_IRQHandler
                0x08000414                CAN2_RX0_IRQHandler
                0x08000414                DMA2_Stream3_IRQHandler
                0x08000414                USART6_IRQHandler
                0x08000414                USART3_IRQHandler
                0x08000414                CRYP_IRQHandler
                0x08000414                CAN1_RX1_IRQHandler
                0x08000414                UART5_IRQHandler
                0x08000414                DMA2_Stream0_IRQHandler
                0x08000414                TIM4_IRQHandler
                0x08000414                I2C1_EV_IRQHandler
                0x08000414                DMA1_Stream6_IRQHandler
                0x08000414                DMA1_Stream1_IRQHandler
                0x08000414                UART4_IRQHandler
                0x08000414                TIM3_IRQHandler
                0x08000414                RCC_IRQHandler
                0x08000414                TIM8_BRK_TIM12_IRQHandler
                0x08000414                EXTI15_10_IRQHandler
                0x08000414                ADC_IRQHandler
                0x08000414                DMA1_Stream7_IRQHandler
                0x08000414                TIM7_IRQHandler
                0x08000414                CAN2_TX_IRQHandler
                0x08000414                TIM5_IRQHandler
                0x08000414                DMA2_Stream7_IRQHandler
                0x08000414                I2C3_EV_IRQHandler
                0x08000414                EXTI9_5_IRQHandler
                0x08000414                RTC_WKUP_IRQHandler
                0x08000414                ETH_WKUP_IRQHandler
                0x08000414                SPI2_IRQHandler
                0x08000414                OTG_HS_EP1_IN_IRQHandler
                0x08000414                MemManage_Handler
                0x08000414                DMA1_Stream0_IRQHandler
                0x08000414                CAN1_TX_IRQHandler
                0x08000414                SVC_Handler
                0x08000414                EXTI4_IRQHandler
                0x08000414                FSMC_IRQHandler
                0x08000414                ETH_IRQHandler
                0x08000414                OTG_HS_EP1_OUT_IRQHandler
                0x08000414                WWDG_IRQHandler
                0x08000414                TIM2_IRQHandler
                0x08000414                OTG_FS_WKUP_IRQHandler
                0x08000414                TIM1_TRG_COM_TIM11_IRQHandler
                0x08000414                OTG_HS_IRQHandler
                0x08000414                EXTI1_IRQHandler
                0x08000414                USART2_IRQHandler
                0x08000414                I2C2_ER_IRQHandler
                0x08000414                DMA2_Stream1_IRQHandler
                0x08000414                CAN1_SCE_IRQHandler
                0x08000414                FLASH_IRQHandler
                0x08000414                DMA2_Stream4_IRQHandler
                0x08000414                BusFault_Handler
                0x08000414                USART1_IRQHandler
                0x08000414                OTG_FS_IRQHandler
                0x08000414                SPI3_IRQHandler
                0x08000414                DMA1_Stream4_IRQHandler
                0x08000414                I2C1_ER_IRQHandler
                0x08000414                DMA2_Stream6_IRQHandler
                0x08000414                DMA1_Stream3_IRQHandler
 .text.main     0x0800041c       0xa8 ..\obj\main.o
                0x0800041c                main
 .text.RCC_GetClocksFreq
                0x080004c4      0x154 ..\obj\stm32f4xx_rcc.o
                0x080004c4                RCC_GetClocksFreq
 .text.RCC_AHB1PeriphClockCmd
                0x08000618       0x3c ..\obj\stm32f4xx_rcc.o
                0x08000618                RCC_AHB1PeriphClockCmd
 .text.RCC_APB1PeriphClockCmd
                0x08000654       0x3c ..\obj\stm32f4xx_rcc.o
                0x08000654                RCC_APB1PeriphClockCmd
 .text.GPIO_Init
                0x08000690      0x11c ..\obj\stm32f4xx_gpio.o
                0x08000690                GPIO_Init
 .text.GPIO_PinAFConfig
                0x080007ac       0x8c ..\obj\stm32f4xx_gpio.o
                0x080007ac                GPIO_PinAFConfig
 *(.glue_7t)
 .glue_7t       0x00000000        0x0 linker stubs
 *(.glue_7)
 .glue_7        0x00000000        0x0 linker stubs
 *(.rodata .rodata* .gnu.linkonce.r.*)

.vfp11_veneer   0x08000838        0x0
 .vfp11_veneer  0x00000000        0x0 linker stubs

.v4_bx          0x08000838        0x0
 .v4_bx         0x00000000        0x0 linker stubs

.iplt           0x08000838        0x0
 .iplt          0x00000000        0x0 ..\obj\stm32f4xx_usart.o

.rel.dyn        0x08000838        0x0
 .rel.iplt      0x00000000        0x0 ..\obj\stm32f4xx_usart.o

.ARM.extab
 *(.ARM.extab* .gnu.linkonce.armextab.*)
                0x08000838                __exidx_start = .

.ARM.exidx
 *(.ARM.exidx* .gnu.linkonce.armexidx.*)
                0x08000838                __exidx_end = .
                0x08000838                . = ALIGN (0x4)
                0x08000838                _etext = .
                0x08000838                _sidata = .

.data           0x20000000       0x14 load address 0x08000838
                0x20000000                _sdata = .
 *(.data .data.*)
 .data          0x20000000        0x1 ..\obj\main.o
                0x20000000                data
 *fill*         0x20000001        0x3 
 .data          0x20000004       0x10 ..\obj\stm32f4xx_rcc.o
                0x20000014                . = ALIGN (0x4)
                0x20000014                _edata = .

.igot.plt       0x20000014        0x0 load address 0x0800084c
 .igot.plt      0x00000000        0x0 ..\obj\stm32f4xx_usart.o

.bss            0x20000014        0x0
                0x20000014                _sbss = .
 *(.bss .bss.*)
 *(COMMON)
                0x20000014                . = ALIGN (0x4)
                0x20000014                _ebss = .

.co_stack       0x20000014      0x804 load address 0x0800084c
                0x20000018                . = ALIGN (0x8)
 *fill*         0x20000014        0x4 
 *(.co_stack .co_stack.*)
 .co_stack      0x20000018      0x800 ..\obj\startup_stm32f4xx.o
                0x20000018                pulStack
                0x20000818                . = ALIGN (0x4)
                0x20000818                _end = .
LOAD ..\obj\stm32f4xx_usart.o
LOAD ..\obj\startup_stm32f4xx.o
LOAD ..\obj\main.o
LOAD ..\obj\stm32f4xx_rcc.o
LOAD ..\obj\stm32f4xx_gpio.o
LOAD ..\obj\system_stm32f4xx.o
START GROUP
LOAD e:/dc++/stm32f-krssg/gcc-arm-none-eabi/bin/../lib/gcc/arm-none-eabi/4.8.3/armv7e-m\libgcc.a
LOAD e:/dc++/stm32f-krssg/gcc-arm-none-eabi/bin/../lib/gcc/arm-none-eabi/4.8.3/../../../../arm-none-eabi/lib/armv7e-m\libg.a
LOAD e:/dc++/stm32f-krssg/gcc-arm-none-eabi/bin/../lib/gcc/arm-none-eabi/4.8.3/../../../../arm-none-eabi/lib/armv7e-m\libc.a
END GROUP
OUTPUT(USART_TRANS.elf elf32-littlearm)

.debug_info     0x00000000     0x206b
 .debug_info    0x00000000      0x996 ..\obj\stm32f4xx_usart.o
 .debug_info    0x00000996       0xed ..\obj\startup_stm32f4xx.o
 .debug_info    0x00000a83      0x3f1 ..\obj\main.o
 .debug_info    0x00000e74      0xc21 ..\obj\stm32f4xx_rcc.o
 .debug_info    0x00001a95      0x5d6 ..\obj\stm32f4xx_gpio.o

.debug_abbrev   0x00000000      0x6a6
 .debug_abbrev  0x00000000      0x155 ..\obj\stm32f4xx_usart.o
 .debug_abbrev  0x00000155       0xb0 ..\obj\startup_stm32f4xx.o
 .debug_abbrev  0x00000205      0x11b ..\obj\main.o
 .debug_abbrev  0x00000320      0x1e3 ..\obj\stm32f4xx_rcc.o
 .debug_abbrev  0x00000503      0x1a3 ..\obj\stm32f4xx_gpio.o

.debug_aranges  0x00000000      0x348
 .debug_aranges
                0x00000000      0x100 ..\obj\stm32f4xx_usart.o
 .debug_aranges
                0x00000100       0x28 ..\obj\startup_stm32f4xx.o
 .debug_aranges
                0x00000128       0x20 ..\obj\main.o
 .debug_aranges
                0x00000148      0x178 ..\obj\stm32f4xx_rcc.o
 .debug_aranges
                0x000002c0       0x88 ..\obj\stm32f4xx_gpio.o

.debug_ranges   0x00000000      0x2f8
 .debug_ranges  0x00000000       0xf0 ..\obj\stm32f4xx_usart.o
 .debug_ranges  0x000000f0       0x18 ..\obj\startup_stm32f4xx.o
 .debug_ranges  0x00000108       0x10 ..\obj\main.o
 .debug_ranges  0x00000118      0x168 ..\obj\stm32f4xx_rcc.o
 .debug_ranges  0x00000280       0x78 ..\obj\stm32f4xx_gpio.o

.debug_line     0x00000000      0xe4b
 .debug_line    0x00000000      0x42c ..\obj\stm32f4xx_usart.o
 .debug_line    0x0000042c       0x9f ..\obj\startup_stm32f4xx.o
 .debug_line    0x000004cb      0x193 ..\obj\main.o
 .debug_line    0x0000065e      0x524 ..\obj\stm32f4xx_rcc.o
 .debug_line    0x00000b82      0x2c9 ..\obj\stm32f4xx_gpio.o

.debug_str      0x00000000      0xfe9
 .debug_str     0x00000000      0x602 ..\obj\stm32f4xx_usart.o
                                0x663 (size before relaxing)
 .debug_str     0x00000602       0xae ..\obj\startup_stm32f4xx.o
                                0x145 (size before relaxing)
 .debug_str     0x000006b0      0x1b7 ..\obj\main.o
                                0x3da (size before relaxing)
 .debug_str     0x00000867      0x5e1 ..\obj\stm32f4xx_rcc.o
                                0x824 (size before relaxing)
 .debug_str     0x00000e48      0x1a1 ..\obj\stm32f4xx_gpio.o
                                0x477 (size before relaxing)

.comment        0x00000000       0x70
 .comment       0x00000000       0x70 ..\obj\stm32f4xx_usart.o
                                 0x71 (size before relaxing)
 .comment       0x00000000       0x71 ..\obj\startup_stm32f4xx.o
 .comment       0x00000000       0x71 ..\obj\main.o
 .comment       0x00000000       0x71 ..\obj\stm32f4xx_rcc.o
 .comment       0x00000000       0x71 ..\obj\stm32f4xx_gpio.o

.ARM.attributes
                0x00000000       0x33
 .ARM.attributes
                0x00000000       0x33 ..\obj\stm32f4xx_usart.o
 .ARM.attributes
                0x00000033       0x33 ..\obj\startup_stm32f4xx.o
 .ARM.attributes
                0x00000066       0x33 ..\obj\main.o
 .ARM.attributes
                0x00000099       0x33 ..\obj\stm32f4xx_rcc.o
 .ARM.attributes
                0x000000cc       0x33 ..\obj\stm32f4xx_gpio.o

.debug_frame    0x00000000      0xa30
 .debug_frame   0x00000000      0x344 ..\obj\stm32f4xx_usart.o
 .debug_frame   0x00000344       0x48 ..\obj\startup_stm32f4xx.o
 .debug_frame   0x0000038c       0x30 ..\obj\main.o
 .debug_frame   0x000003bc      0x4d8 ..\obj\stm32f4xx_rcc.o
 .debug_frame   0x00000894      0x19c ..\obj\stm32f4xx_gpio.o
